// Jest Snapshot v1, https://goo.gl/fbAQLP

exports[`NavBar renders correctly 1`] = `
<header
  className="spt-navbar"
  style={undefined}
>
  <section
    className="spt-navbar-section"
    style={undefined}
  >
    Left section
  </section>
  <section
    className="spt-navbar-center"
    style={undefined}
  >
    Center section
  </section>
  <section
    className="spt-navbar-section"
    style={undefined}
  >
    Right section
  </section>
</header>
`;
